PS E:\MasterUPM\GESTBD\PruebaPostgres> python .\scripts\pgvector_ingest_and_query.py ingest --csv .\data\demo_texts.csv --text-col content --id-col id --mode transformer --model paraphrase-multilingual-MiniLM-L12-v2
E:\MasterUPM\GESTBD\PruebaPostgres\scripts\pgvector_ingest_and_query.py:10: SyntaxWarning: invalid escape sequence '\s'
  python .\scripts\pgvector_ingest_and_query.py ingest --csv data.csv --text-col content --id-col id --mode dummy --dim 128
Warning: existing embedding dim=124 differs from actual dim=384. Replacing column (will DROP existing embedding column).
Inserting 6 documents into DB...
Ingest complete.
PS E:\MasterUPM\GESTBD\PruebaPostgres> python .\scripts\pgvector_ingest_and_query.py query --q "How do I connect to pgAdmin?" --k 5 --mode transformer --model paraphrase-multilingual-MiniLM-L12-v2
E:\MasterUPM\GESTBD\PruebaPostgres\scripts\pgvector_ingest_and_query.py:10: SyntaxWarning: invalid escape sequence '\s'
  python .\scripts\pgvector_ingest_and_query.py ingest --csv data.csv --text-col content --id-col id --mode dummy --dim 128
Top 5 documents for query: 'How do I connect to pgAdmin?'
id=5 source_id=5 distance=2.764361
How to connect to pgAdmin and view databases?
---
id=6 source_id=6 distance=2.786934
¿Cómo conectarse a pgAdmin y ver las bases de datos?
---
id=4 source_id=4 distance=4.564818
Este documento trata sobre PostgreSQL y pgvector.
---
id=3 source_id=3 distance=4.614377
This document is about PostgreSQL and pgvector.
---
id=2 source_id=2 distance=6.580191
El zorro marrón rápido salta sobre el perro perezoso
---
PS E:\MasterUPM\GESTBD\PruebaPostgres>
PS E:\MasterUPM\GESTBD\PruebaPostgres>
PS E:\MasterUPM\GESTBD\PruebaPostgres>
PS E:\MasterUPM\GESTBD\PruebaPostgres> python .\scripts\pgvector_ingest_and_query.py query --q "Comment puis-je me connecter a pgAdmin?" --k 5 --mode transformer --model paraphrase-multilingual-MiniLM-L12-v2
E:\MasterUPM\GESTBD\PruebaPostgres\scripts\pgvector_ingest_and_query.py:10: SyntaxWarning: invalid escape sequence '\s'
  python .\scripts\pgvector_ingest_and_query.py ingest --csv data.csv --text-col content --id-col id --mode dummy --dim 128
Top 5 documents for query: 'Comment puis-je me connecter a pgAdmin?'
id=6 source_id=6 distance=2.658594
¿Cómo conectarse a pgAdmin y ver las bases de datos?
---
id=5 source_id=5 distance=2.781687
How to connect to pgAdmin and view databases?
---
id=4 source_id=4 distance=4.420022
Este documento trata sobre PostgreSQL y pgvector.
---
id=3 source_id=3 distance=4.498391
This document is about PostgreSQL and pgvector.
---
id=2 source_id=2 distance=6.425829
El zorro marrón rápido salta sobre el perro perezoso
---
PS E:\MasterUPM\GESTBD\PruebaPostgres> python .\scripts\pgvector_ingest_and_query.py query --q "Qu'est ce que je peux avec pgAdmin?" --k 5 --mode transformer --model paraphrase-multilingual-MiniLM-L12-v2
E:\MasterUPM\GESTBD\PruebaPostgres\scripts\pgvector_ingest_and_query.py:10: SyntaxWarning: invalid escape sequence '\s'
  python .\scripts\pgvector_ingest_and_query.py ingest --csv data.csv --text-col content --id-col id --mode dummy --dim 128
Top 5 documents for query: "Qu'est ce que je peux avec pgAdmin?"
id=6 source_id=6 distance=3.211989
¿Cómo conectarse a pgAdmin y ver las bases de datos?
---
id=5 source_id=5 distance=3.605543
How to connect to pgAdmin and view databases?
---
id=4 source_id=4 distance=3.820785
Este documento trata sobre PostgreSQL y pgvector.
---
id=3 source_id=3 distance=3.867042
This document is about PostgreSQL and pgvector.
---
id=2 source_id=2 distance=6.031230
El zorro marrón rápido salta sobre el perro perezoso
---
PS E:\MasterUPM\GESTBD\PruebaPostgres> python .\scripts\pgvector_ingest_and_query.py query --q "Qu'est ce que je peux utiliser pour voir une base de données?" --k 5 --mode transformer --model paraphrase-multilingual-MiniLM-L12-v2
E:\MasterUPM\GESTBD\PruebaPostgres\scripts\pgvector_ingest_and_query.py:10: SyntaxWarning: invalid escape sequence '\s'
  python .\scripts\pgvector_ingest_and_query.py ingest --csv data.csv --text-col content --id-col id --mode dummy --dim 128
Top 5 documents for query: "Qu'est ce que je peux utiliser pour voir une base de données?"
id=6 source_id=6 distance=3.548745
¿Cómo conectarse a pgAdmin y ver las bases de datos?
---
id=5 source_id=5 distance=3.989381
How to connect to pgAdmin and view databases?
---
id=4 source_id=4 distance=4.584105
Este documento trata sobre PostgreSQL y pgvector.
---
id=3 source_id=3 distance=4.725308
This document is about PostgreSQL and pgvector.
---
id=2 source_id=2 distance=6.687120
El zorro marrón rápido salta sobre el perro perezoso
---
PS E:\MasterUPM\GESTBD\PruebaPostgres> python .\scripts\pgvector_ingest_and_query.py query --q "Que fait le renard brun ?" --k 5 --mode transformer --model paraphrase-multilingual-MiniLM-L12-v2
E:\MasterUPM\GESTBD\PruebaPostgres\scripts\pgvector_ingest_and_query.py:10: SyntaxWarning: invalid escape sequence '\s'
  python .\scripts\pgvector_ingest_and_query.py ingest --csv data.csv --text-col content --id-col id --mode dummy --dim 128
Top 5 documents for query: 'Que fait le renard brun ?'
id=2 source_id=2 distance=4.211918
El zorro marrón rápido salta sobre el perro perezoso
---
id=1 source_id=1 distance=4.753509
The quick brown fox jumps over the lazy dog
---
id=4 source_id=4 distance=5.083589
Este documento trata sobre PostgreSQL y pgvector.
---
id=3 source_id=3 distance=5.205306
This document is about PostgreSQL and pgvector.
---
id=6 source_id=6 distance=5.297631
¿Cómo conectarse a pgAdmin y ver las bases de datos?